[
    {
        "case_name": "Test_Square_001",
        "st_mode": "ms_python_train",
        "op": "Square",
        "input_desc": [
            {
                "type": [
                    "float32"
                ],
                "shape": [],
                "data_distribute": [
                    "uniform"
                ],
                "value_range": [
                    [
                        0.1,
                        1.0
                    ]
                ],
                "name": "x"
            }
        ],
        "output_desc": [
            {
                "type": [
                    "float32"
                ],
                "shape": [],
                "name": "y"
            }
        ]
    }
]