[
    {
        "case_name":"Test_ResizeBilinearV2_001",
        "op":"ResizeBilinearV2",
        "st_mode":"",
        "input_desc":[
            {
                "format":"NHWC",
                "name":"x",
                "shape":[
                    4,
                    16,
                    16,
                    16
                ],
                "type":"float16",
                "typical_shape":[
                    4,
                    16,
                    16,
                    16
                ],
                "data_distribute":[
                    "uniform"
                ],
                "value_range":[
                    [
                        0.1,
                        1
                    ]
                ]
            },
            {
                "format":[
                    "NHWC"
                ],
                "type":[
                    "int32"
                ],
                "shape":[
                    2
                ],
                "is_const":true,
                "value":[
                    0,
                    0
                ],
                "name":"x2"
            }
        ],
        "output_desc":[
            {
                "format":"NHWC",
                "name":"y",
                "shape":[
                    4,
                    48,
                    48,
                    16
                ],
                "type":"float"
            }
        ],
        "attr":[
            {
                "name":"align_corners",
                "type":"bool",
                "value":false
            },
            {
                "name":"half_pixel_centers",
                "type":"bool",
                "value":false
            }
        ]
    }
]