[
    {
        "case_name": "Test_Square_001",
        "st_mode": "ms_python_train",
        "op": "Square",
		"fuzz_impl": "fuzz_add.py",
		"fuzz_case_num": 10,
        "input_desc": [
            {
                "type": [
                    "float32"
                ],
                "shape": "fuzz",
                "data_distribute": [
                    "uniform"
                ],
                "value_range": [
                    [
                        0.1,
                        1.0
                    ]
                ],
				"name": "x1"
            }
        ],
        "output_desc": [
            {
                "type": [
                    "float32"
                ],
                "shape": "fuzz",
				"name": "y"
            }
        ]
    }
]