[
    {
        "case_name": "Test_Adds_001",
        "op": "Adds",
        "st_mode": "",
        "input_desc": [
            {
                "format": [
                    "ND"
                ],
                "type": [
                    "float16"
                ],
                "shape": [-1],
                "typical_shape": [4],
                "data_distribute": [
                    "uniform"
                ],
                "value_range": [
                    [
                        0.1,
                        1.0
                    ]
                ],
                "shape_range": [
                    [
                        2,
                        16
                    ]
                ],
				"value": [1,2,3,4],
                "name": "x1"
            },
            {
                "format": [
                    "ND"
                ],
                "type": [
                    "float16"
                ],
                "shape": [1],
                "data_distribute": [
                    "uniform"
                ],
                "value_range": [
                    [
                        0.1,
                        1.0
                    ]
                ],
                "value": "test_value_add_input_1.bin",
                "name": "x2"
            }
        ],
        "output_desc": [
            {
                "format": [
                    "ND"
                ],
                "type": [
                    "float16"
                ],
                "shape": [-1],
                "typical_shape": [4],
                "shape_range": [
                    [
                        2,
                        16
                    ]
                ],
                "name": "y"
            }
        ]
    }
]