[
  {
    "input_desc": [
      {
        "format": "ND",
        "name": "x1",
        "shape": [
          1,
          2
        ],
        "type": "float16"
      },
      {
        "const_value": [
          1,
          2
        ],
        "format": "ND",
        "is_const": true,
        "name": "x2",
        "shape": [
          2
        ],
        "type": "float16"
      }
    ],
    "op": "Add",
    "output_desc": [
      {
        "format": "ND",
        "name": "y",
        "shape": [
          1,
          2
        ],
        "type": "float16"
      }
    ]
  }
]