[
  {
    "attr": [
      {
        "name": "window",
        "type": "list_int",
        "value": [
          3,
          3
        ]
      },
      {
        "name": "stride",
        "type": "list_int",
        "value": [
          2,
          2
        ]
      },
      {
        "name": "mode",
        "type": "int",
        "value": 1
      },
      {
        "name": "offset_x",
        "type": "int",
        "value": 0
      },
      {
        "name": "pad",
        "type": "list_int",
        "value": [
          0,
          0,
          0,
          0
        ]
      },
      {
        "name": "global_pooling",
        "type": "bool",
        "value": false
      },
      {
        "name": "ceil_mode",
        "type": "int",
        "value": 0
      },
      {
        "name": "dilation",
        "type": "list_int",
        "value": [
          1,
          1,
          1,
          1
        ]
      }
    ],
    "input_desc": [
      {
        "format": "NC1HWC0",
        "name": "x",
        "origin_format": "NCHW",
        "origin_shape": [
          1,
          32,
          64,
          64
        ],
        "shape": [
          1,
          2,
          64,
          64,
          16
        ],
        "type": "float16"
      },
      {
        "format": "UNDEFINED",
        "name": "matrix",
        "shape": [],
        "type": "UNDEFINED"
      },
      {
        "format": "UNDEFINED",
        "name": "bias",
        "shape": [],
        "type": "UNDEFINED"
      }
    ],
    "op": "Pooling",
    "output_desc": [
      {
        "format": "NC1HWC0",
        "name": "y",
        "origin_format": "NCHW",
        "origin_shape": [
          1,
          32,
          64,
          64
        ],
        "shape": [
          1,
          2,
          64,
          64,
          16
        ],
        "type": "float16"
      }
    ]
  }
]