[
    {
        "case_name": "Test_Pooling_001",
        "op": "Pooling",
        "input_desc": [
            {
                "format": [
                    "NCHW"
                ],
                "type": [
                    "float16"
                ],
                "shape": [1,64,112,112],
                "data_distribute": [
                    "uniform"
                ],
                "value_range": [
                    [
                        0.1,
                        1.0
                    ]
                ],
                "name": "x"
            },
            {
                "format": [
                    "UNDEFINED"
                ],
                "type": [
                    "UNDEFINED"
                ],
                "shape": [1,64,112,112],
                "data_distribute": [
                    "uniform"
                ],
                "value_range": [
                    [
                        0.1,
                        1.0
                    ]
                ],
                "name": "matrix"
            },
            {
                "format": [
                    "UNDEFINED"
                ],
                "type": [
                    "UNDEFINED"
                ],
                "shape": [1,64,112,112],
                "data_distribute": [
                    "uniform"
                ],
                "value_range": [
                    [
                        0.1,
                        1.0
                    ]
                ],
                "name": "bias"
            }
        ],
        "output_desc": [
            {
                "format": [
                    "NCHW"
                ],
                "type": [
                    "float16"
                ],
                "shape": [1,64,56,56],
                "name": "y"
            }
        ],
        "attr": [
            {
                "name": "window",
                "type": "list_int",
                "value": [3,3]
            },
            {
                "name": "stride",
                "type": "list_int",
                "value": [2,2]
            },
            {
                "name": "mode",
                "type": "int",
                "value": 1
            },
            {
                "name": "offset_x",
                "type": "int",
                "value": 0
            },
            {
                "name": "pad",
                "type": "list_int",
                "value": [0,0,0,0]
            },
            {
                "name": "global_pooling",
                "type": "bool",
                "value": false
            },
            {
                "name": "ceil_mode",
                "type": "int",
                "value": 0
            },
            {
                "name": "dilation",
                "type": "list_int",
                "value": [1,1,1,1]
            }
        ]
    }
]