The Result:
1  Test_AddN_001_case_001  [pass]
2  Test_AddN_001_case_002  [pass]