REGISTER_OP("Sum")
            .Input("x: T")
            .Input("y: T")
            .Output("z: T")
            .Attr("T: {float16, int16, int32, int64}")